<!DOCTYPE html>

<html lang="en">
<head>
<meta charset="utf-8"/>
<meta content="width=device-width, initial-scale=1.0" name="viewport"/>
<title>do-while-block.expected.html</title>
</head>
<body>
<script>do
    stmt;
while (cond);</script>
</body>
</html>
