<!DOCTYPE html>

<html lang="en">
<head>
<meta charset="utf-8"/>
<meta content="width=device-width, initial-scale=1.0" name="viewport"/>
<title>for-block.expected.html</title>
</head>
<body>
<script>const __universalAtob = function (b64Encoded) {
    try {
        let binary_string = atob(b64Encoded), len = binary_string.length, bytes = new Uint8Array(len);
        for (let i = 0; i < len; i++) {
            bytes[i] = binary_string.charCodeAt(i);
        }
        return bytes;
    } catch (err) {
        return new Uint8Array(global.Buffer.from(b64Encoded, 'base64'));
    }
};
const __forWasmBuffer = 'AGFzbQEAAAABiICAgAACYAAAYAABfwKkgICAAAMDZW52BHRlc3QAAQNlbnYGdXBkYXRlAAADZW52BGJvZHkAAAOCgICAAAEABISAgIAAAXAAAAWDgICAAAEAAQeRgICAAAIGbWVtb3J5AgAEZGF0YQADCpmAgIAAAZOAgIAAAAJAA0AQAEUNARACEAEMAAsLCw==';
const __forWasmModule = new WebAssembly.Module((() => {
    try {
        let binary_string = atob(__forWasmBuffer), len = binary_string.length, bytes = new Uint8Array(len);
        for (let i = 0; i < len; i++) {
            bytes[i] = binary_string.charCodeAt(i);
        }
        return bytes;
    } catch (err) {
        return new Uint8Array(global.Buffer.from(__forWasmBuffer, 'base64'));
    }
})());
(() => {
    const __forInstance0 = new WebAssembly.Instance(__forWasmModule, {
        env: {
            test: () => {
            },
            update: () => {
            },
            body: () => {
                stmt;
            }
        }
    });
    const __exports = __forInstance0.exports;
    return __exports.data();
})();</script>
</body>
</html>
