<!DOCTYPE html>

<html lang="en">
<head>
<meta charset="utf-8"/>
<meta content="width=device-width, initial-scale=1.0" name="viewport"/>
<title>hoisting-variable-16.expected.html</title>
</head>
<body>
<script>new function () {
    var a = 20;
    this.arguments;
}();</script>
</body>
</html>
