<!DOCTYPE html>

<html lang="en">
<head>
<meta charset="utf-8"/>
<meta content="width=device-width, initial-scale=1.0" name="viewport"/>
<title>reduce-multiple-if-statements-3.expected.html</title>
</head>
<body>
<script>for (;;)
    if (cond) {
        if (cond2)
            continue;
    } else ;</script>
</body>
</html>
