<!DOCTYPE html>

<html lang="en">
<head>
<meta charset="utf-8"/>
<meta content="width=device-width, initial-scale=1.0" name="viewport"/>
<title>remove-context-sensitive-expression.expected.html</title>
</head>
<body>
<script>void ident;</script>
</body>
</html>
