<!DOCTYPE html>

<html lang="en">
<head>
<meta charset="utf-8"/>
<meta content="width=device-width, initial-scale=1.0" name="viewport"/>
<title>rewrite-boolean-abstract-eq-3.expected.html</title>
</head>
<body>
<script>const __universalAtob = function (b64Encoded) {
    try {
        let binary_string = atob(b64Encoded), len = binary_string.length, bytes = new Uint8Array(len);
        for (let i = 0; i < len; i++) {
            bytes[i] = binary_string.charCodeAt(i);
        }
        return bytes;
    } catch (err) {
        return new Uint8Array(global.Buffer.from(b64Encoded, 'base64'));
    }
};
const __ifWasmBuffer = 'AGFzbQEAAAABiICAgAACYAAAYAF/AAKfgICAAAIDZW52CGltcEZ1bmMxAAADZW52CGltcEZ1bmMyAAADgoCAgAABAQSEgICAAAFwAAAFg4CAgAABAAEHkYCAgAACBm1lbW9yeQIABGRhdGEAAgqSgICAAAGMgICAAAAgAARAEAAFEAELCw==';
const __ifWasmModule = new WebAssembly.Module((() => {
    try {
        let binary_string = atob(__ifWasmBuffer), len = binary_string.length, bytes = new Uint8Array(len);
        for (let i = 0; i < len; i++) {
            bytes[i] = binary_string.charCodeAt(i);
        }
        return bytes;
    } catch (err) {
        return new Uint8Array(global.Buffer.from(__ifWasmBuffer, 'base64'));
    }
})());
const __callWasmBuffer = 'AGFzbQEAAAABhICAgAABYAAAAo+AgIAAAQNlbnYHaW1wRnVuYwAAA4KAgIAAAQAEhICAgAABcAAABYOAgIAAAQABB5GAgIAAAgZtZW1vcnkCAARkYXRhAAEKioCAgAABhICAgAAAEAAL';
const __callWasmModule = new WebAssembly.Module((() => {
    try {
        let binary_string = atob(__callWasmBuffer), len = binary_string.length, bytes = new Uint8Array(len);
        for (let i = 0; i < len; i++) {
            bytes[i] = binary_string.charCodeAt(i);
        }
        return bytes;
    } catch (err) {
        return new Uint8Array(global.Buffer.from(__callWasmBuffer, 'base64'));
    }
})());
(() => {
    const __callInstance2 = new WebAssembly.Instance(__callWasmModule, {
        env: {
            impFunc: () => {
                (function () {
                    (() => {
                        const __ifInstance0 = new WebAssembly.Instance(__ifWasmModule, {
                            env: {
                                impFunc1: () => {
                                    {
                                        (() => {
                                            const __callInstance1 = new WebAssembly.Instance(__callWasmModule, {
                                                env: {
                                                    impFunc: () => {
                                                        alert();
                                                    }
                                                }
                                            });
                                            const __exports = __callInstance1.exports;
                                            return __exports.data();
                                        })();
                                    }
                                },
                                impFunc2: () => {
                                }
                            }
                        });
                        const __exports = __ifInstance0.exports;
                        return __exports.data(cond != 1 ? 1 : 0);
                    })();
                    (() => {
                        const __ifInstance1 = new WebAssembly.Instance(__ifWasmModule, {
                            env: {
                                impFunc1: () => {
                                    {
                                        (() => {
                                            const __callInstance0 = new WebAssembly.Instance(__callWasmModule, {
                                                env: {
                                                    impFunc: () => {
                                                        alert();
                                                    }
                                                }
                                            });
                                            const __exports = __callInstance0.exports;
                                            return __exports.data();
                                        })();
                                    }
                                },
                                impFunc2: () => {
                                }
                            }
                        });
                        const __exports = __ifInstance1.exports;
                        return __exports.data(cond != 0 ? 1 : 0);
                    })();
                }());
            }
        }
    });
    const __exports = __callInstance2.exports;
    return __exports.data();
})();</script>
</body>
</html>
