<!DOCTYPE html>

<html lang="en">
<head>
<meta charset="utf-8"/>
<meta content="width=device-width, initial-scale=1.0" name="viewport"/>
<title>switch-block.expected.html</title>
</head>
<body>
<script>switch (cond) {
case test:
    stmt;
}</script>
</body>
</html>
