<!DOCTYPE html>

<html lang="en">
<head>
<meta charset="utf-8"/>
<meta content="width=device-width, initial-scale=1.0" name="viewport"/>
<title>top-level-assignment.expected.html</title>
</head>
<body>
<script>Hello = 20, this.Value = 42;</script>
</body>
</html>
