<!DOCTYPE html>

<html lang="en">
<head>
<meta charset="utf-8"/>
<meta content="width=device-width, initial-scale=1.0" name="viewport"/>
<title>transform-dynamic-to-static-property-access-2.expected.html</title>
</head>
<body>
<script>!function () {
    obj.NaN = 20;
}();</script>
</body>
</html>
