<!DOCTYPE html>

<html lang="en">
<head>
<meta charset="utf-8"/>
<meta content="width=device-width, initial-scale=1.0" name="viewport"/>
<title>transform-branch.expected.html</title>
</head>
<body>
<script>!function () {
    return cond ? 10 : 20;
}();</script>
</body>
</html>
