<!DOCTYPE html>

<html lang="en">
<head>
<meta charset="utf-8"/>
<meta content="width=device-width, initial-scale=1.0" name="viewport"/>
<title>transform-dynamic-to-static-property-definition.expected.html</title>
</head>
<body>
<script>obj = { test: 10 };</script>
</body>
</html>
