<!DOCTYPE html>

<html lang="en">
<head>
<meta charset="utf-8"/>
<meta content="width=device-width, initial-scale=1.0" name="viewport"/>
<title>while-label.expected.html</title>
</head>
<body>
<script>a:
    while (cond)
        break a;
while (cond)
    break;</script>
</body>
</html>
