<!DOCTYPE html>
<html lang="en">
<head>
    <meta charset="UTF-8">
    <meta name="viewport" content="width=device-width, initial-scale=1.0">
    <title>arguments.expected.html</title>
</head>
<body>

<script>
!function(){function a(){print(arguments)}print(a)}()

</script>

</body>
</html>
