<!DOCTYPE html>
<html lang="en">
<head>
    <meta charset="UTF-8">
    <meta name="viewport" content="width=device-width, initial-scale=1.0">
    <title>dce-loop-continue-7.expected.html</title>
</head>
<body>

<script>
for(;;)cond

</script>

</body>
</html>
