<!DOCTYPE html>
<html lang="en">
<head>
    <meta charset="UTF-8">
    <meta name="viewport" content="width=device-width, initial-scale=1.0">
    <title>do-while-block.expected.html</title>
</head>
<body>

<script>
do stmt;while(cond)

</script>

</body>
</html>
