<!DOCTYPE html>
<html lang="en">
<head>
    <meta charset="UTF-8">
    <meta name="viewport" content="width=device-width, initial-scale=1.0">
    <title>hoisting-variable-5.expected.html</title>
</head>
<body>

<script>
!function(){var t=300;eval('')}()

</script>

</body>
</html>
