<!DOCTYPE html>
<html lang="en">
<head>
    <meta charset="UTF-8">
    <meta name="viewport" content="width=device-width, initial-scale=1.0">
    <title>hoisting-variable-7.expected.html</title>
</head>
<body>

<script>
!function(){var a=20;arguments[0]=20,function(){eval('')}()}()

</script>

</body>
</html>
