<!DOCTYPE html>
<html lang="en">
<head>
    <meta charset="UTF-8">
    <meta name="viewport" content="width=device-width, initial-scale=1.0">
    <title>invalid-if-tree.expected.html</title>
</head>
<body>

<script>
if(cond){if(test)true}else false

</script>

</body>
</html>
