<!DOCTYPE html>
<html lang="en">
<head>
    <meta charset="UTF-8">
    <meta name="viewport" content="width=device-width, initial-scale=1.0">
    <title>omit-parens-in-void-context-iife-18.expected.html</title>
</head>
<body>

<script>
do(function(){print('ok')}());while(cond)

</script>

</body>
</html>
