<!DOCTYPE html>
<html lang="en">
<head>
    <meta charset="UTF-8">
    <meta name="viewport" content="width=device-width, initial-scale=1.0">
    <title>reduce-multiple-if-statements-3.expected.html</title>
</head>
<body>

<script>
for(;;)if(cond){if(cond2)continue}else;

</script>

</body>
</html>
