<!DOCTYPE html>
<html lang="en">
<head>
    <meta charset="UTF-8">
    <meta name="viewport" content="width=device-width, initial-scale=1.0">
    <title>remove-side-effect-free-expressions-9.expected.html</title>
</head>
<body>

<script>
!function(){(0,eval)('')}()

</script>

</body>
</html>
