<!DOCTYPE html>
<html lang="en">
<head>
    <meta charset="UTF-8">
    <meta name="viewport" content="width=device-width, initial-scale=1.0">
    <title>rewrite-boolean-abstract-eq-3.expected.html</title>
</head>
<body>

<script>
(function(){if(cond!=1){alert()}if(cond!=0){alert()}}())

</script>

</body>
</html>
