<!DOCTYPE html>
<html lang="en">
<head>
    <meta charset="UTF-8">
    <meta name="viewport" content="width=device-width, initial-scale=1.0">
    <title>top-level-assignment.expected.html</title>
</head>
<body>

<script>
Hello=20,this.Value=42

</script>

</body>
</html>
