<!DOCTYPE html>
<html lang="en">
<head>
    <meta charset="UTF-8">
    <meta name="viewport" content="width=device-width, initial-scale=1.0">
    <title>transform-dynamic-to-static-property-definition.expected.html</title>
</head>
<body>

<script>
obj={test:10}

</script>

</body>
</html>
