<!DOCTYPE html>
<html lang="en">
<head>
    <meta charset="UTF-8">
    <meta name="viewport" content="width=device-width, initial-scale=1.0">
    <title>transform-branch.expected.html</title>
</head>
<body>

<script>
!function(){return cond?10:20}()

</script>

</body>
</html>
