<!DOCTYPE html>
<html lang="en">
<head>
    <meta charset="UTF-8">
    <meta name="viewport" content="width=device-width, initial-scale=1.0">
    <title>while-label.expected.html</title>
</head>
<body>

<script>
a:while(cond)break a;while(cond)break

</script>

</body>
</html>
